node:assert:150
  throw new AssertionError(obj);
  ^

AssertionError [ERR_ASSERTION]: Values have same structure but are not reference-equal:

[
  '납부내역',
  '행사신청',
  '행사폼',
  '환불내역'
]

    at Object.<anonymous> (/home/runner/work/council_project/council_project/scripts/test-operation-business-key-integrity.js:42:8)
    at Module._compile (node:internal/modules/cjs/loader:1781:14)
    at Object..js (node:internal/modules/cjs/loader:1913:10)
    at Module.load (node:internal/modules/cjs/loader:1505:32)
    at Function._load (node:internal/modules/cjs/loader:1309:12)
    at wrapModuleLoad (node:internal/modules/cjs/loader:254:19)
    at Function.executeUserEntryPoint [as runMain] (node:internal/modules/run_main:171:5)
    at node:internal/main/run_main_module:36:49 {
  generatedMessage: true,
  code: 'ERR_ASSERTION',
  actual: [ '납부내역', '행사신청', '행사폼', '환불내역' ],
  expected: [ '납부내역', '행사신청', '행사폼', '환불내역' ],
  operator: 'deepStrictEqual',
  diff: 'simple'
}

Node.js v22.23.2
