Legacy internal symbol reference remains: sheetFindAll_ in src/000_server/010_core/sheet_crud.gs
Legacy internal symbol reference remains: sheetFindById_ in src/000_server/010_core/sheet_crud.gs
Legacy internal symbol reference remains: sheetInsert_ in src/000_server/010_core/sheet_crud.gs
Legacy internal symbol reference remains: sheetUpdateById_ in src/000_server/010_core/sheet_crud.gs
Legacy internal symbol reference remains: sheetCrudRowsToItems_ in src/000_server/010_core/sheet_crud.gs
Legacy internal symbol reference remains: sheetCrudApplyChangesToRow_ in src/000_server/010_core/sheet_crud.gs
Legacy internal symbol reference remains: sheetFindAll_ in src/000_server/010_core/sheets.gs
Legacy internal symbol reference remains: sheetFindById_ in src/000_server/010_core/sheets.gs
Legacy internal symbol reference remains: sheetInsert_ in src/000_server/010_core/sheets.gs
Legacy internal symbol reference remains: sheetUpdateById_ in src/000_server/010_core/sheets.gs
Legacy internal symbol reference remains: checkOperationDbIntegrity_ in src/000_server/020_schema/operation_db_integrity.gs
Legacy internal symbol reference remains: getOperationDbReference_ in src/000_server/020_schema/operation_db_integrity.gs
Legacy internal symbol reference remains: createIntegrityIssue_ in src/000_server/020_schema/operation_db_integrity.gs
Legacy internal symbol reference remains: checkUserDbIntegrity_ in src/000_server/020_schema/user_db_integrity.gs
Legacy internal symbol reference remains: checkLoginUserDbIntegrity_ in src/000_server/020_schema/user_db_integrity.gs
Legacy internal symbol reference remains: createIntegrityIssue_ in src/000_server/020_schema/user_db_integrity.gs
Legacy internal symbol reference remains: getCachedLoginContext_ in src/000_server/030_auth/auth_cache.gs
Legacy internal symbol reference remains: cacheLoginContext_ in src/000_server/030_auth/auth_cache.gs
Legacy internal symbol reference remains: checkLoginUserDbIntegrity_ in src/000_server/030_auth/auth_context.gs
Legacy internal symbol reference remains: getCachedLoginContext_ in src/000_server/030_auth/auth_context.gs
Legacy internal symbol reference remains: cacheLoginContext_ in src/000_server/030_auth/auth_context.gs
Legacy internal symbol reference remains: getActiveUserEmailFromSession_ in src/000_server/030_auth/auth_context.gs
Legacy internal symbol reference remains: summarizeRoleForUser_ in src/000_server/030_auth/auth_context.gs
Legacy internal symbol reference remains: getActiveUserEmailFromSession_ in src/000_server/030_auth/auth_session.gs
Legacy internal symbol reference remains: summarizeRoleForUser_ in src/000_server/040_iam/042_roles/roles_query_service.gs
Legacy internal symbol reference remains: actionToPermissionKey_ in src/000_server/040_iam/043_permissions/permissions_access_service.gs
Legacy internal symbol reference remains: permissionScreenId_ in src/000_server/040_iam/043_permissions/permissions_access_service.gs
Legacy internal symbol reference remains: actionToPermissionKey_ in src/000_server/040_iam/043_permissions/permissions_query_service.gs
Legacy internal symbol reference remains: permissionScreenId_ in src/000_server/040_iam/043_permissions/permissions_query_service.gs
Legacy internal symbol reference remains: getEventData_ in src/000_server/050_event/051_events/events_api.gs
Legacy internal symbol reference remains: getEventData_ in src/000_server/050_event/051_events/events_query_service.gs
Legacy internal symbol reference remains: getEventMaterialFolder_ in src/000_server/050_event/051_events/events_service.gs
Legacy internal symbol reference remains: getActiveUserEmailFromSession_ in src/000_server/050_event/054_attendance/attendance_service.gs
Legacy internal symbol reference remains: getEventMaterialFolder_ in src/000_server/050_event/056_files/event_file_service.gs
Legacy internal symbol reference remains: findLedgerEntryDtoById_ in src/000_server/060_accounting/060_common/accounting_query_service.gs
Legacy internal symbol reference remains: findLedgerEntryDtoById_ in src/000_server/060_accounting/061_ledger/ledger_api.gs
Legacy internal symbol reference remains: findLedgerEntryDtoById_ in src/000_server/060_accounting/061_ledger/ledger_service.gs
Legacy internal symbol reference remains: createEvidenceFiles_ in src/000_server/060_accounting/061_ledger/ledger_service.gs
Legacy internal symbol reference remains: getEvidenceFileContent_ in src/000_server/060_accounting/062_evidence/evidence_api.gs
Legacy internal symbol reference remains: getEvidenceFileContent_ in src/000_server/060_accounting/062_evidence/evidence_file_service.gs
Legacy internal symbol reference remains: getEvidenceFolder_ in src/000_server/060_accounting/062_evidence/evidence_file_service.gs
Legacy internal symbol reference remains: createEvidenceFiles_ in src/000_server/060_accounting/062_evidence/evidence_service.gs
Legacy internal symbol reference remains: getReconciliationLedgerCandidates_ in src/000_server/060_accounting/063_reconciliation/bank_ocr_service.gs
Legacy internal symbol reference remains: bankAmountNumber_ in src/000_server/060_accounting/063_reconciliation/bank_transaction_parser.gs
Legacy internal symbol reference remains: reconciliationTokens_ in src/000_server/060_accounting/063_reconciliation/reconciliation_query_service.gs
Legacy internal symbol reference remains: reconciliationDateDifference_ in src/000_server/060_accounting/063_reconciliation/reconciliation_query_service.gs
Legacy internal symbol reference remains: getReconciliationLedgerCandidates_ in src/000_server/060_accounting/063_reconciliation/reconciliation_query_service.gs
Legacy internal symbol reference remains: getCandidateScoresForBank_ in src/000_server/060_accounting/063_reconciliation/reconciliation_query_service.gs
Legacy internal symbol reference remains: findLedgerEntryDtoById_ in src/000_server/060_accounting/063_reconciliation/reconciliation_service.gs
Legacy internal symbol reference remains: getReconciliationLedgerCandidates_ in src/000_server/060_accounting/063_reconciliation/reconciliation_service.gs
Legacy internal symbol reference remains: getSettlementEligibleItems_ in src/000_server/060_accounting/064_settlement/settlement_query_service.gs
Legacy internal symbol reference remains: sheetUpdateById_ in src/000_server/070_settings/071_users/settings_users_department_service.gs
Legacy internal symbol reference remains: summarizeRoleForUser_ in src/000_server/070_settings/071_users/settings_users_department_service.gs
Legacy internal symbol reference remains: summarizeRoleForUser_ in src/000_server/070_settings/071_users/settings_users_query_service.gs
