Legacy public API symbol remains: api_getEventList in src/000_server/050_event/051_events/events_api.gs
Legacy public API symbol remains: api_getEventForEdit in src/000_server/050_event/051_events/events_api.gs
Legacy public API symbol remains: api_getEventDetail in src/000_server/050_event/051_events/events_api.gs
Legacy public API symbol remains: api_getApplicantList in src/000_server/050_event/052_applicants/applicants_api.gs
Legacy public API symbol remains: api_getApplicantDetail in src/000_server/050_event/052_applicants/applicants_api.gs
Legacy public API symbol remains: api_processApplicant in src/000_server/050_event/052_applicants/applicants_api.gs
Legacy public API symbol remains: api_syncApplicantsFromForms in src/000_server/050_event/052_applicants/applicants_api.gs
Legacy public API symbol remains: api_getAttendanceList in src/000_server/050_event/054_attendance/attendance_api.gs
Legacy public API symbol remains: api_applyAttendanceChanges in src/000_server/050_event/054_attendance/attendance_api.gs
Legacy public API symbol remains: api_getEventRefundList in src/000_server/050_event/055_refunds/refunds_api.gs
Legacy public API symbol remains: api_getLedgerList in src/000_server/060_accounting/061_ledger/ledger_api.gs
Legacy public API symbol remains: api_getLedgerDetail in src/000_server/060_accounting/061_ledger/ledger_api.gs
Legacy public API symbol remains: api_saveLedgerDraft in src/000_server/060_accounting/061_ledger/ledger_api.gs
Legacy public API symbol remains: api_getEvidenceFileContent in src/000_server/060_accounting/062_evidence/evidence_api.gs
Legacy public API symbol remains: api_getEvidenceAuditList in src/000_server/060_accounting/062_evidence/evidence_api.gs
Legacy public API symbol remains: api_uploadBankTransactions in src/000_server/060_accounting/063_reconciliation/reconciliation_api.gs
Legacy public API symbol remains: api_runReconciliation in src/000_server/060_accounting/063_reconciliation/reconciliation_api.gs
Legacy public API symbol remains: api_getReconciliationList in src/000_server/060_accounting/063_reconciliation/reconciliation_api.gs
Legacy public API symbol remains: api_getReconciliationDetail in src/000_server/060_accounting/063_reconciliation/reconciliation_api.gs
Legacy public API symbol remains: api_linkReconciliation in src/000_server/060_accounting/063_reconciliation/reconciliation_api.gs
Legacy public API symbol remains: api_createLedgerFromReconciliation in src/000_server/060_accounting/063_reconciliation/reconciliation_api.gs
Legacy public API symbol remains: api_generateSettlementReport in src/000_server/060_accounting/064_settlement/settlement_api.gs
Legacy public API symbol remains: api_getSettlementReportList in src/000_server/060_accounting/064_settlement/settlement_api.gs
Legacy public API symbol remains: loadSettingsHomeData in src/000_server/070_settings/070_common/settings_shell_query_service.gs
Legacy public API symbol remains: loadSettingsUsersData in src/000_server/070_settings/071_users/settings_users_api.gs
Legacy public API symbol remains: saveSettingsUserDepartment in src/000_server/070_settings/071_users/settings_users_api.gs
Legacy public API symbol remains: loadSettingsRolesData in src/000_server/070_settings/072_roles/settings_roles_api.gs
Legacy public API symbol remains: loadSettingsPermissionsData in src/000_server/070_settings/073_permissions/settings_permissions_api.gs
Legacy public API symbol remains: loadSettingsDepartmentsData in src/000_server/070_settings/074_departments/settings_departments_api.gs
Legacy public API symbol remains: api_getStudentFeeReferenceData in src/000_server/080_student_fee/080_common/student_fee_reference_api.gs
Legacy public API symbol remains: api_getFeePayerList in src/000_server/080_student_fee/081_payers/fee_payers_api.gs
Legacy public API symbol remains: api_getFeePayerDetail in src/000_server/080_student_fee/081_payers/fee_payers_api.gs
Legacy public API symbol remains: api_createFeePayer in src/000_server/080_student_fee/081_payers/fee_payers_api.gs
Legacy public API symbol remains: api_updateFeePayer in src/000_server/080_student_fee/081_payers/fee_payers_api.gs
Legacy public API symbol remains: api_getFeeApplicationList in src/000_server/080_student_fee/082_payments/fee_payments_api.gs
Legacy public API symbol remains: api_getFeeApplicationDetail in src/000_server/080_student_fee/082_payments/fee_payments_api.gs
Legacy public API symbol remains: api_processFeeApplications in src/000_server/080_student_fee/082_payments/fee_payments_api.gs
Legacy public API symbol remains: api_calculateFeeAmount in src/000_server/080_student_fee/082_payments/fee_payments_api.gs
Legacy public API symbol remains: api_confirmFeePayment in src/000_server/080_student_fee/082_payments/fee_payments_api.gs
Legacy public API symbol remains: api_getFeeRefundRequestList in src/000_server/080_student_fee/083_refunds/fee_refunds_api.gs
Legacy public API symbol remains: api_getFeeRefundRequestDetail in src/000_server/080_student_fee/083_refunds/fee_refunds_api.gs
Legacy public API symbol remains: api_processFeeRefundRequests in src/000_server/080_student_fee/083_refunds/fee_refunds_api.gs
Legacy public API symbol remains: api_calculateFeeRefund in src/000_server/080_student_fee/083_refunds/fee_refunds_api.gs
Legacy public API symbol remains: api_confirmFeeRefund in src/000_server/080_student_fee/083_refunds/fee_refunds_api.gs
Legacy public API symbol remains: loadSettingsHomeData in src/300_settings/300_home/settings_home_js.html
Legacy public API symbol remains: loadSettingsUsersData in src/300_settings/310_users/settings_users_js.html
Legacy public API symbol remains: saveSettingsUserDepartment in src/300_settings/310_users/settings_users_js.html
Legacy public API symbol remains: loadSettingsRolesData in src/300_settings/320_roles/settings_roles_js.html
Legacy public API symbol remains: loadSettingsPermissionsData in src/300_settings/330_permissions/settings_permissions_js.html
Legacy public API symbol remains: loadSettingsDepartmentsData in src/300_settings/340_departments/settings_departments_js.html
Legacy public API symbol remains: api_getLedgerList in src/400_accounting/410_ledger/accounting_ledger_js.html
Legacy public API symbol remains: api_saveLedgerDraft in src/400_accounting/410_ledger/accounting_ledger_js.html
Legacy public API symbol remains: api_uploadBankTransactions in src/400_accounting/420_reconciliation/accounting_reconciliation_js.html
Legacy public API symbol remains: api_runReconciliation in src/400_accounting/420_reconciliation/accounting_reconciliation_js.html
Legacy public API symbol remains: api_getReconciliationList in src/400_accounting/420_reconciliation/accounting_reconciliation_js.html
Legacy public API symbol remains: api_getReconciliationDetail in src/400_accounting/420_reconciliation/accounting_reconciliation_js.html
Legacy public API symbol remains: api_linkReconciliation in src/400_accounting/420_reconciliation/accounting_reconciliation_js.html
Legacy public API symbol remains: api_createLedgerFromReconciliation in src/400_accounting/420_reconciliation/accounting_reconciliation_js.html
Legacy public API symbol remains: api_generateSettlementReport in src/400_accounting/430_settlement/accounting_settlement_js.html
Legacy public API symbol remains: api_getSettlementReportList in src/400_accounting/430_settlement/accounting_settlement_js.html
Legacy public API symbol remains: api_getStudentFeeReferenceData in src/500_student_fee/510_payers/student_fee_payers_js.html
Legacy public API symbol remains: api_getFeePayerList in src/500_student_fee/510_payers/student_fee_payers_js.html
Legacy public API symbol remains: api_getFeePayerDetail in src/500_student_fee/510_payers/student_fee_payers_js.html
Legacy public API symbol remains: api_createFeePayer in src/500_student_fee/510_payers/student_fee_payers_js.html
Legacy public API symbol remains: api_updateFeePayer in src/500_student_fee/510_payers/student_fee_payers_js.html
Legacy public API symbol remains: api_getFeeApplicationList in src/500_student_fee/520_payments/student_fee_payments_js.html
Legacy public API symbol remains: api_getFeeApplicationDetail in src/500_student_fee/520_payments/student_fee_payments_js.html
Legacy public API symbol remains: api_processFeeApplications in src/500_student_fee/520_payments/student_fee_payments_js.html
Legacy public API symbol remains: api_calculateFeeAmount in src/500_student_fee/520_payments/student_fee_payments_js.html
Legacy public API symbol remains: api_confirmFeePayment in src/500_student_fee/520_payments/student_fee_payments_js.html
Legacy public API symbol remains: api_getFeeRefundRequestList in src/500_student_fee/530_refunds/student_fee_refunds_js.html
Legacy public API symbol remains: api_getFeeRefundRequestDetail in src/500_student_fee/530_refunds/student_fee_refunds_js.html
Legacy public API symbol remains: api_processFeeRefundRequests in src/500_student_fee/530_refunds/student_fee_refunds_js.html
Legacy public API symbol remains: api_calculateFeeRefund in src/500_student_fee/530_refunds/student_fee_refunds_js.html
Legacy public API symbol remains: api_confirmFeeRefund in src/500_student_fee/530_refunds/student_fee_refunds_js.html
Legacy public API symbol remains: api_getEventList in src/600_event/600_home/event_home_js.html
Legacy public API symbol remains: api_getEventForEdit in src/600_event/610_form/event_form_js.html
Legacy public API symbol remains: api_getEventDetail in src/600_event/620_detail/event_detail_js.html
Legacy public API symbol remains: api_getApplicantList in src/600_event/620_detail/event_detail_js.html
Legacy public API symbol remains: api_getApplicantDetail in src/600_event/620_detail/event_detail_js.html
Legacy public API symbol remains: api_processApplicant in src/600_event/620_detail/event_detail_js.html
Legacy public API symbol remains: api_syncApplicantsFromForms in src/600_event/620_detail/event_detail_js.html
Legacy public API symbol remains: api_getAttendanceList in src/600_event/620_detail/event_detail_js.html
Legacy public API symbol remains: api_applyAttendanceChanges in src/600_event/620_detail/event_detail_js.html
Legacy public API symbol remains: api_getEventRefundList in src/600_event/620_detail/event_detail_js.html
Legacy public API symbol remains: api_getEventDetail in src/600_event/620_detail/event_form_sync_js.html
Legacy public API symbol remains: api_syncApplicantsFromForms in src/600_event/620_detail/event_form_sync_js.html
Legacy public API symbol remains: api_syncApplicantsFromForms in scripts/test-event-form-sync-api.js
Legacy public API symbol remains: api_syncApplicantsFromForms in scripts/test-event-form-sync-frontend.js
Legacy public API symbol remains: loadSettingsDepartmentsData in scripts/test-settings-department-chart.js
Legacy public API symbol remains: loadSettingsUsersData in scripts/test-settings-departments.js
Legacy public API symbol remains: saveSettingsUserDepartment in scripts/test-settings-departments.js
Legacy public API symbol remains: loadSettingsHomeData in scripts/test-settings.js
Legacy public API symbol remains: loadSettingsPermissionsData in scripts/test-settings.js
Legacy public API symbol remains: api_getFeePayerDetail in scripts/test-student-fee-frontend.js
Legacy public API symbol remains: api_processFeeApplications in scripts/test-student-fee-frontend.js
Legacy public API symbol remains: api_calculateFeeAmount in scripts/test-student-fee-frontend.js
Legacy public API symbol remains: api_processFeeRefundRequests in scripts/test-student-fee-frontend.js
Legacy public API symbol remains: api_calculateFeeRefund in scripts/test-student-fee-frontend.js
Legacy public API symbol remains: api_getStudentFeeReferenceData in scripts/test-student-fee.js
Legacy public API symbol remains: api_getFeePayerList in scripts/test-student-fee.js
Legacy public API symbol remains: api_getFeePayerDetail in scripts/test-student-fee.js
Legacy public API symbol remains: api_createFeePayer in scripts/test-student-fee.js
Legacy public API symbol remains: api_updateFeePayer in scripts/test-student-fee.js
Legacy public API symbol remains: api_getFeeApplicationList in scripts/test-student-fee.js
Legacy public API symbol remains: api_getFeeApplicationDetail in scripts/test-student-fee.js
Legacy public API symbol remains: api_processFeeApplications in scripts/test-student-fee.js
Legacy public API symbol remains: api_calculateFeeAmount in scripts/test-student-fee.js
Legacy public API symbol remains: api_confirmFeePayment in scripts/test-student-fee.js
Legacy public API symbol remains: api_getFeeRefundRequestList in scripts/test-student-fee.js
Legacy public API symbol remains: api_getFeeRefundRequestDetail in scripts/test-student-fee.js
Legacy public API symbol remains: api_processFeeRefundRequests in scripts/test-student-fee.js
Legacy public API symbol remains: api_calculateFeeRefund in scripts/test-student-fee.js
Legacy public API symbol remains: api_confirmFeeRefund in scripts/test-student-fee.js
Legacy public API symbol remains: api_getEvidenceAuditList in scripts/verify-accounting-architecture.js
Legacy public API symbol remains: api_uploadBankTransactions in scripts/verify-accounting-architecture.js
Legacy public API symbol remains: api_runReconciliation in scripts/verify-accounting-architecture.js
Legacy public API symbol remains: api_getReconciliationList in scripts/verify-accounting-architecture.js
Legacy public API symbol remains: api_getReconciliationDetail in scripts/verify-accounting-architecture.js
Legacy public API symbol remains: api_linkReconciliation in scripts/verify-accounting-architecture.js
Legacy public API symbol remains: api_createLedgerFromReconciliation in scripts/verify-accounting-architecture.js
Legacy public API symbol remains: api_generateSettlementReport in scripts/verify-accounting-architecture.js
Legacy public API symbol remains: api_getSettlementReportList in scripts/verify-accounting-architecture.js
Legacy public API symbol remains: api_syncApplicantsFromForms in scripts/verify-event-form-sync-architecture.js
Legacy public API symbol remains: loadSettingsHomeData in scripts/verify-internal-function-naming.js
Legacy public API symbol remains: loadSettingsUsersData in scripts/verify-internal-function-naming.js
Legacy public API symbol remains: saveSettingsUserDepartment in scripts/verify-internal-function-naming.js
Legacy public API symbol remains: loadSettingsRolesData in scripts/verify-internal-function-naming.js
Legacy public API symbol remains: loadSettingsPermissionsData in scripts/verify-internal-function-naming.js
Legacy public API symbol remains: loadSettingsDepartmentsData in scripts/verify-internal-function-naming.js
Legacy public API symbol remains: api_getEventList in scripts/verify-server-architecture.js
Legacy public API symbol remains: api_getEventForEdit in scripts/verify-server-architecture.js
Legacy public API symbol remains: api_getEventDetail in scripts/verify-server-architecture.js
Legacy public API symbol remains: api_getApplicantList in scripts/verify-server-architecture.js
Legacy public API symbol remains: api_getApplicantDetail in scripts/verify-server-architecture.js
Legacy public API symbol remains: api_processApplicant in scripts/verify-server-architecture.js
Legacy public API symbol remains: api_getAttendanceList in scripts/verify-server-architecture.js
Legacy public API symbol remains: api_applyAttendanceChanges in scripts/verify-server-architecture.js
Legacy public API symbol remains: api_getEventRefundList in scripts/verify-server-architecture.js
Legacy public API symbol remains: api_getLedgerList in scripts/verify-server-architecture.js
Legacy public API symbol remains: api_getLedgerDetail in scripts/verify-server-architecture.js
Legacy public API symbol remains: api_saveLedgerDraft in scripts/verify-server-architecture.js
Legacy public API symbol remains: api_getEvidenceFileContent in scripts/verify-server-architecture.js
Legacy public API symbol remains: api_getStudentFeeReferenceData in scripts/verify-server-architecture.js
Legacy public API symbol remains: api_getFeePayerList in scripts/verify-server-architecture.js
Legacy public API symbol remains: api_getFeePayerDetail in scripts/verify-server-architecture.js
Legacy public API symbol remains: api_createFeePayer in scripts/verify-server-architecture.js
Legacy public API symbol remains: api_updateFeePayer in scripts/verify-server-architecture.js
Legacy public API symbol remains: api_getFeeApplicationList in scripts/verify-server-architecture.js
Legacy public API symbol remains: api_getFeeApplicationDetail in scripts/verify-server-architecture.js
Legacy public API symbol remains: api_processFeeApplications in scripts/verify-server-architecture.js
Legacy public API symbol remains: api_calculateFeeAmount in scripts/verify-server-architecture.js
Legacy public API symbol remains: api_confirmFeePayment in scripts/verify-server-architecture.js
Legacy public API symbol remains: api_getFeeRefundRequestList in scripts/verify-server-architecture.js
Legacy public API symbol remains: api_getFeeRefundRequestDetail in scripts/verify-server-architecture.js
Legacy public API symbol remains: api_processFeeRefundRequests in scripts/verify-server-architecture.js
Legacy public API symbol remains: api_calculateFeeRefund in scripts/verify-server-architecture.js
Legacy public API symbol remains: api_confirmFeeRefund in scripts/verify-server-architecture.js
Legacy public API symbol remains: loadSettingsHomeData in scripts/verify-server-architecture.js
Legacy public API symbol remains: loadSettingsUsersData in scripts/verify-server-architecture.js
Legacy public API symbol remains: loadSettingsRolesData in scripts/verify-server-architecture.js
Legacy public API symbol remains: loadSettingsPermissionsData in scripts/verify-server-architecture.js
Legacy public API symbol remains: loadSettingsHomeData in scripts/verify-settings-architecture.js
Legacy public API symbol remains: loadSettingsUsersData in scripts/verify-settings-architecture.js
Legacy public API symbol remains: loadSettingsRolesData in scripts/verify-settings-architecture.js
Legacy public API symbol remains: loadSettingsPermissionsData in scripts/verify-settings-architecture.js
Legacy public API symbol remains: api_getStudentFeeReferenceData in scripts/verify-student-fee-architecture.js
Legacy public API symbol remains: api_getFeePayerList in scripts/verify-student-fee-architecture.js
Legacy public API symbol remains: api_getFeePayerDetail in scripts/verify-student-fee-architecture.js
Legacy public API symbol remains: api_createFeePayer in scripts/verify-student-fee-architecture.js
Legacy public API symbol remains: api_updateFeePayer in scripts/verify-student-fee-architecture.js
Legacy public API symbol remains: api_getFeeApplicationList in scripts/verify-student-fee-architecture.js
Legacy public API symbol remains: api_getFeeApplicationDetail in scripts/verify-student-fee-architecture.js
Legacy public API symbol remains: api_processFeeApplications in scripts/verify-student-fee-architecture.js
Legacy public API symbol remains: api_calculateFeeAmount in scripts/verify-student-fee-architecture.js
Legacy public API symbol remains: api_confirmFeePayment in scripts/verify-student-fee-architecture.js
Legacy public API symbol remains: api_getFeeRefundRequestList in scripts/verify-student-fee-architecture.js
Legacy public API symbol remains: api_getFeeRefundRequestDetail in scripts/verify-student-fee-architecture.js
Legacy public API symbol remains: api_processFeeRefundRequests in scripts/verify-student-fee-architecture.js
Legacy public API symbol remains: api_calculateFeeRefund in scripts/verify-student-fee-architecture.js
Legacy public API symbol remains: api_confirmFeeRefund in scripts/verify-student-fee-architecture.js
Legacy public API symbol remains: api_getStudentFeeReferenceData in scripts/verify-student-fee-frontend.js
Legacy public API symbol remains: api_getFeePayerList in scripts/verify-student-fee-frontend.js
Legacy public API symbol remains: api_getFeePayerDetail in scripts/verify-student-fee-frontend.js
Legacy public API symbol remains: api_createFeePayer in scripts/verify-student-fee-frontend.js
Legacy public API symbol remains: api_updateFeePayer in scripts/verify-student-fee-frontend.js
Legacy public API symbol remains: api_getFeeApplicationList in scripts/verify-student-fee-frontend.js
Legacy public API symbol remains: api_getFeeApplicationDetail in scripts/verify-student-fee-frontend.js
Legacy public API symbol remains: api_processFeeApplications in scripts/verify-student-fee-frontend.js
Legacy public API symbol remains: api_calculateFeeAmount in scripts/verify-student-fee-frontend.js
Legacy public API symbol remains: api_confirmFeePayment in scripts/verify-student-fee-frontend.js
Legacy public API symbol remains: api_getFeeRefundRequestList in scripts/verify-student-fee-frontend.js
Legacy public API symbol remains: api_getFeeRefundRequestDetail in scripts/verify-student-fee-frontend.js
Legacy public API symbol remains: api_processFeeRefundRequests in scripts/verify-student-fee-frontend.js
Legacy public API symbol remains: api_calculateFeeRefund in scripts/verify-student-fee-frontend.js
Legacy public API symbol remains: api_confirmFeeRefund in scripts/verify-student-fee-frontend.js
Legacy public API symbol remains: api_getLedgerList in scripts/verify-ui-system-migration.js
Legacy public API symbol remains: api_saveLedgerDraft in scripts/verify-ui-system-migration.js
Legacy public API symbol remains: api_uploadBankTransactions in scripts/verify-ui-system-migration.js
Legacy public API symbol remains: api_runReconciliation in scripts/verify-ui-system-migration.js
Legacy public API symbol remains: api_getReconciliationList in scripts/verify-ui-system-migration.js
Legacy public API symbol remains: api_getReconciliationDetail in scripts/verify-ui-system-migration.js
Legacy public API symbol remains: api_linkReconciliation in scripts/verify-ui-system-migration.js
Legacy public API symbol remains: api_createLedgerFromReconciliation in scripts/verify-ui-system-migration.js
Legacy public API symbol remains: api_generateSettlementReport in scripts/verify-ui-system-migration.js
Legacy public API symbol remains: api_getSettlementReportList in scripts/verify-ui-system-migration.js
Public API must use resource semantics instead of output suffix: api_getEventList in src/000_server/050_event/051_events/events_api.gs
Public API must use resource semantics instead of output suffix: api_getEventDetail in src/000_server/050_event/051_events/events_api.gs
Public API must use resource semantics instead of output suffix: api_getApplicantList in src/000_server/050_event/052_applicants/applicants_api.gs
Public API must use resource semantics instead of output suffix: api_getApplicantDetail in src/000_server/050_event/052_applicants/applicants_api.gs
Public API must use resource semantics instead of output suffix: api_getAttendanceList in src/000_server/050_event/054_attendance/attendance_api.gs
Public API must use resource semantics instead of output suffix: api_getEventRefundList in src/000_server/050_event/055_refunds/refunds_api.gs
Public API must use resource semantics instead of output suffix: api_getLedgerList in src/000_server/060_accounting/061_ledger/ledger_api.gs
Public API must use resource semantics instead of output suffix: api_getLedgerDetail in src/000_server/060_accounting/061_ledger/ledger_api.gs
Disallowed generic public API verb: api_saveLedgerDraft in src/000_server/060_accounting/061_ledger/ledger_api.gs
Public API must use resource semantics instead of output suffix: api_getEvidenceAuditList in src/000_server/060_accounting/062_evidence/evidence_api.gs
Disallowed generic public API verb: api_runReconciliation in src/000_server/060_accounting/063_reconciliation/reconciliation_api.gs
Public API must use resource semantics instead of output suffix: api_getReconciliationList in src/000_server/060_accounting/063_reconciliation/reconciliation_api.gs
Public API must use resource semantics instead of output suffix: api_getReconciliationDetail in src/000_server/060_accounting/063_reconciliation/reconciliation_api.gs
Disallowed generic public API verb: api_generateSettlementReport in src/000_server/060_accounting/064_settlement/settlement_api.gs
Public API must use resource semantics instead of output suffix: api_getSettlementReportList in src/000_server/060_accounting/064_settlement/settlement_api.gs
Public API must use resource semantics instead of output suffix: api_getStudentFeeReferenceData in src/000_server/080_student_fee/080_common/student_fee_reference_api.gs
Public API must use resource semantics instead of output suffix: api_getFeePayerList in src/000_server/080_student_fee/081_payers/fee_payers_api.gs
Public API must use resource semantics instead of output suffix: api_getFeePayerDetail in src/000_server/080_student_fee/081_payers/fee_payers_api.gs
Public API must use resource semantics instead of output suffix: api_getFeeApplicationList in src/000_server/080_student_fee/082_payments/fee_payments_api.gs
Public API must use resource semantics instead of output suffix: api_getFeeApplicationDetail in src/000_server/080_student_fee/082_payments/fee_payments_api.gs
Public API must use resource semantics instead of output suffix: api_getFeeRefundRequestList in src/000_server/080_student_fee/083_refunds/fee_refunds_api.gs
Public API must use resource semantics instead of output suffix: api_getFeeRefundRequestDetail in src/000_server/080_student_fee/083_refunds/fee_refunds_api.gs
